---
# Source: istio/charts/mixer/templates/serviceaccount.yaml
apiVersion: v1
kind: ServiceAccount
metadata:
  name: istio-mixer-service-account
  namespace: default
  labels:
    app: mixer
    chart: mixer
    heritage: Tiller
    release: istio
