---
# Source: istio/charts/prometheus/templates/serviceaccount.yaml
apiVersion: v1
kind: ServiceAccount
metadata:
  name: prometheus
  namespace: default
  labels:
    app: prometheus
    chart: prometheus
    heritage: Tiller
    release: istio
