---
# Source: istio/charts/galley/templates/clusterrole.yaml
apiVersion: rbac.authorization.k8s.io/v1beta1
kind: ClusterRole
metadata:
  name: istio-galley-default
  labels:
    app: galley
    chart: galley
    heritage: Tiller
    release: istio
rules:
- apiGroups: ["admissionregistration.k8s.io"]
  resources: ["validatingwebhookconfigurations"]
  verbs: ["*"]
- apiGroups: ["config.istio.io"] # istio mixer CRD watcher
  resources: ["*"]
  verbs: ["get", "list", "watch"]
- apiGroups: ["networking.istio.io"]
  resources: ["*"]
  verbs: ["get", "list", "watch"]
- apiGroups: ["authentication.istio.io"]
  resources: ["*"]
  verbs: ["get", "list", "watch"]
- apiGroups: ["rbac.istio.io"]
  resources: ["*"]
  verbs: ["get", "list", "watch"]
- apiGroups: ["*"]
  resources: ["deployments"]
  resourceNames: ["istio-galley"]
  verbs: ["get"]
- apiGroups: ["*"]
  resources: ["endpoints"]
  resourceNames: ["istio-galley"]
  verbs: ["get"]
