---
# Source: istio/charts/galley/templates/serviceaccount.yaml
apiVersion: v1
kind: ServiceAccount
metadata:
  name: istio-galley-service-account
  namespace: default
  labels:
    app: galley
    chart: galley
    heritage: Tiller
    release: istio
